
Microsoft Windows [Version 10.0.18363.657]
(c) 2019 Microsoft Corporation. All rights reserved.

C:\Users\DEVsaad1124>cd\


C:\>cd mobile projects

C:\Mobile Projects>cd weatherapp

C:\Mobile Projects\WeatherApp>git pull --rebase
There is no tracking information for the current branch.
Please specify which branch you want to rebase against.
See git-pull(1) for details.

    git pull <remote> <branch>

If you wish to set tracking information for this branch you can do so with:

    git branch --set-upstream-to=origin/<branch> master


C:\Mobile Projects\WeatherApp>git pull --rebase WeatherApp
error: cannot pull with rebase: You have unstaged changes.
error: please commit or stash them.

C:\Mobile Projects\WeatherApp>git commit
On branch master
Changes not staged for commit:
        modified:   WeatherApp/WeatherApp.Android/Resources/Resource.designer.cs

no changes added to commit

C:\Mobile Projects\WeatherApp>git push -f origin WeatherApp
error: src refspec WeatherApp does not match any.
error: failed to push some refs to 'https://github.com/saadsalam/WeatherApp'

C:\Mobile Projects\WeatherApp>git commit
On branch master
Changes not staged for commit:
        modified:   WeatherApp/WeatherApp.Android/Resources/Resource.designer.cs

no changes added to commit

C:\Mobile Projects\WeatherApp>git pull --rebase WeatherApp
error: cannot pull with rebase: You have unstaged changes.
error: please commit or stash them.

C:\Mobile Projects\WeatherApp>git commit
On branch master
Changes not staged for commit:
        modified:   WeatherApp/WeatherApp.Android/Resources/Resource.designer.cs

no changes added to commit

C:\Mobile Projects\WeatherApp>git push --force
fatal: The current branch master has no upstream branch.
To push the current branch and set the remote as upstream, use

    git push --set-upstream origin master


C:\Mobile Projects\WeatherApp>git push --force WeatherApp
fatal: 'WeatherApp' does not appear to be a git repository
fatal: Could not read from remote repository.

Please make sure you have the correct access rights
and the repository exists.
****this the main command***********
C:\Mobile Projects\WeatherApp>git push https://github.com/saadsalam/WeatherApp --force
Counting objects: 79, done.
Delta compression using up to 4 threads.
Compressing objects: 100% (76/76), done.
Writing objects: 100% (79/79), 339.84 KiB | 4.36 MiB/s, done.
Total 79 (delta 3), reused 0 (delta 0)
remote: Resolving deltas: 100% (3/3), done.
To https://github.com/saadsalam/WeatherApp
 + 3f80b69...2f99aec master -> master (forced update)

C:\Mobile Projects\WeatherApp>git push https://github.com/saadsalam/WeatherApp --force
Everything up-to-date

C:\Mobile Projects\WeatherApp>git push https://github.com/saadsalam/WeatherApp --force
